C:\Users\sbj38\Desktop\Github\LivingLab\LivingLab\CMS2\src\main\java\egovframework\com\utl\cas\service\EgovSessionCookieUtil.java
C:\Users\sbj38\Desktop\Github\LivingLab\LivingLab\CMS2\src\main\java\kr\or\ih\cms\service\mapper\LoginMapper.java
C:\Users\sbj38\Desktop\Github\LivingLab\LivingLab\CMS2\src\main\java\kr\or\ih\api\service\UserService.java
C:\Users\sbj38\Desktop\Github\LivingLab\LivingLab\CMS2\src\main\java\kr\or\ih\cms\service\AdminService.java
C:\Users\sbj38\Desktop\Github\LivingLab\LivingLab\CMS2\src\main\java\kr\or\ih\api\web\IntroController.java
C:\Users\sbj38\Desktop\Github\LivingLab\LivingLab\CMS2\src\main\java\kr\or\ih\api\web\ProjectController.java
C:\Users\sbj38\Desktop\Github\LivingLab\LivingLab\CMS2\src\main\java\kr\or\ih\cms\cmmn\CommonCode.java
C:\Users\sbj38\Desktop\Github\LivingLab\LivingLab\CMS2\src\main\java\kr\or\ih\cms\web\AdminController.java
C:\Users\sbj38\Desktop\Github\LivingLab\LivingLab\CMS2\src\main\java\kr\or\ih\cms\cmmn\CryptoARIAService.java
C:\Users\sbj38\Desktop\Github\LivingLab\LivingLab\CMS2\src\main\java\egovframework\com\cmm\EgovWebUtil.java
C:\Users\sbj38\Desktop\Github\LivingLab\LivingLab\CMS2\src\main\java\kr\or\ih\cms\web\MemberController.java
C:\Users\sbj38\Desktop\Github\LivingLab\LivingLab\CMS2\src\main\java\egovframework\com\utl\fcc\service\EgovFormBasedUUID.java
C:\Users\sbj38\Desktop\Github\LivingLab\LivingLab\CMS2\src\main\java\kr\or\ih\api\web\CommunityController.java
C:\Users\sbj38\Desktop\Github\LivingLab\LivingLab\CMS2\src\main\java\kr\or\ih\cms\service\impl\MemberServiceImpl.java
C:\Users\sbj38\Desktop\Github\LivingLab\LivingLab\CMS2\src\main\java\kr\or\ih\api\service\impl\EventServiceImpl.java
C:\Users\sbj38\Desktop\Github\LivingLab\LivingLab\CMS2\src\main\java\kr\or\ih\api\service\mapper\UserMapper.java
C:\Users\sbj38\Desktop\Github\LivingLab\LivingLab\CMS2\src\main\java\egovframework\com\cmm\util\EgovBasicLogger.java
C:\Users\sbj38\Desktop\Github\LivingLab\LivingLab\CMS2\src\main\java\kr\or\ih\cms\service\impl\AdminServiceImpl.java
C:\Users\sbj38\Desktop\Github\LivingLab\LivingLab\CMS2\src\main\java\kr\or\ih\cms\service\mapper\MemberMapper.java
C:\Users\sbj38\Desktop\Github\LivingLab\LivingLab\CMS2\src\main\java\kr\or\ih\api\service\impl\BoardServiceImpl.java
C:\Users\sbj38\Desktop\Github\LivingLab\LivingLab\CMS2\src\main\java\kr\or\ih\cms\service\LoginService.java
C:\Users\sbj38\Desktop\Github\LivingLab\LivingLab\CMS2\src\main\java\egovframework\com\utl\fcc\service\EgovFormBasedFileUtil.java
C:\Users\sbj38\Desktop\Github\LivingLab\LivingLab\CMS2\src\main\java\kr\or\ih\api\service\impl\UserServiceImpl.java
C:\Users\sbj38\Desktop\Github\LivingLab\LivingLab\CMS2\src\main\java\kr\or\ih\api\service\mapper\BoardMapper.java
C:\Users\sbj38\Desktop\Github\LivingLab\LivingLab\CMS2\src\main\java\kr\or\ih\api\service\mapper\BannerMapper.java
C:\Users\sbj38\Desktop\Github\LivingLab\LivingLab\CMS2\src\main\java\kr\or\ih\api\service\impl\ResidenceServiceImpl.java
C:\Users\sbj38\Desktop\Github\LivingLab\LivingLab\CMS2\src\main\java\kr\or\ih\api\service\mapper\EventMapper.java
C:\Users\sbj38\Desktop\Github\LivingLab\LivingLab\CMS2\src\main\java\egovframework\com\cmm\util\EgovWildcardReloadableResourceBundleMessageSource.java
C:\Users\sbj38\Desktop\Github\LivingLab\LivingLab\CMS2\src\main\java\kr\or\ih\api\service\EventService.java
C:\Users\sbj38\Desktop\Github\LivingLab\LivingLab\CMS2\src\main\java\egovframework\com\cmm\util\EgovResourceCloseHelper.java
C:\Users\sbj38\Desktop\Github\LivingLab\LivingLab\CMS2\src\main\java\kr\or\ih\cms\service\impl\LoginServiceImpl.java
C:\Users\sbj38\Desktop\Github\LivingLab\LivingLab\CMS2\src\main\java\kr\or\ih\api\web\ReferenceController.java
C:\Users\sbj38\Desktop\Github\LivingLab\LivingLab\CMS2\src\main\java\kr\or\ih\api\web\MyPageController.java
C:\Users\sbj38\Desktop\Github\LivingLab\LivingLab\CMS2\src\main\java\kr\or\ih\api\service\BoardService.java
C:\Users\sbj38\Desktop\Github\LivingLab\LivingLab\CMS2\src\main\java\kr\or\ih\api\web\MainController.java
C:\Users\sbj38\Desktop\Github\LivingLab\LivingLab\CMS2\src\main\java\kr\or\ih\cms\service\mapper\AdminMapper.java
C:\Users\sbj38\Desktop\Github\LivingLab\LivingLab\CMS2\src\main\java\egovframework\com\cmm\service\EgovProperties.java
C:\Users\sbj38\Desktop\Github\LivingLab\LivingLab\CMS2\src\main\java\egovframework\com\utl\fcc\service\EgovStringUtil.java
C:\Users\sbj38\Desktop\Github\LivingLab\LivingLab\CMS2\src\main\java\kr\or\ih\api\service\ResidenceService.java
C:\Users\sbj38\Desktop\Github\LivingLab\LivingLab\CMS2\src\main\java\egovframework\com\cmm\web\EgovMultipartResolver.java
C:\Users\sbj38\Desktop\Github\LivingLab\LivingLab\CMS2\src\main\java\kr\or\ih\cms\vo\AdminVO.java
C:\Users\sbj38\Desktop\Github\LivingLab\LivingLab\CMS2\src\main\java\kr\or\ih\cms\service\MemberService.java
C:\Users\sbj38\Desktop\Github\LivingLab\LivingLab\CMS2\src\main\java\kr\or\ih\api\service\impl\BannerServiceImpl.java
C:\Users\sbj38\Desktop\Github\LivingLab\LivingLab\CMS2\src\main\java\kr\or\ih\cms\web\LoginController.java
C:\Users\sbj38\Desktop\Github\LivingLab\LivingLab\CMS2\src\main\java\egovframework\com\utl\fcc\service\EgovFileUploadUtil.java
C:\Users\sbj38\Desktop\Github\LivingLab\LivingLab\CMS2\src\main\java\kr\or\ih\cms\web\BoardController.java
C:\Users\sbj38\Desktop\Github\LivingLab\LivingLab\CMS2\src\main\java\kr\or\ih\api\web\UserController.java
C:\Users\sbj38\Desktop\Github\LivingLab\LivingLab\CMS2\src\main\java\kr\or\ih\api\service\BannerService.java
C:\Users\sbj38\Desktop\Github\LivingLab\LivingLab\CMS2\src\main\java\egovframework\com\cmm\service\EgovUserDetailsService.java
C:\Users\sbj38\Desktop\Github\LivingLab\LivingLab\CMS2\src\main\java\kr\or\ih\api\service\mapper\ResidenceMapper.java
C:\Users\sbj38\Desktop\Github\LivingLab\LivingLab\CMS2\src\main\java\egovframework\com\cmm\util\EgovUserDetailsHelper.java
C:\Users\sbj38\Desktop\Github\LivingLab\LivingLab\CMS2\src\main\java\egovframework\com\utl\fcc\service\EgovFormBasedFileVo.java
